// Jest Snapshot v1, https://goo.gl/fbAQLP

exports[`Tests en App Snapshot en App.js 1`] = `
<Fragment>
  <h1>
    Administrador De Pacientes
  </h1>
  <div
    className="container"
  >
    <div
      className="row"
    >
      <div
        className="one-half column"
      >
        <Formulario
          crearCita={[Function]}
        />
      </div>
      <div
        className="one-half column"
      >
        <h2>
          No hay citas
        </h2>
      </div>
    </div>
  </div>
</Fragment>
`;
