// Jest Snapshot v1, https://goo.gl/fbAQLP

exports[`Test en Formulario Snapshot en Formulario 1`] = `
<Fragment>
  <h2>
    Crear Cita
  </h2>
  <form
    onSubmit={[Function]}
  >
    <label>
      Nombre De La Mascota:
    </label>
    <input
      className="u-full-width"
      name="mascota"
      onChange={[Function]}
      placeholder="Nombre De La Mascota "
      type="text"
      value=""
    />
    <label>
      Nombre Del Dueño:
    </label>
    <input
      className="u-full-width"
      name="propietario"
      onChange={[Function]}
      placeholder="Nombre Del Dueño"
      type="text"
      value=""
    />
    <label>
      Fecha:
    </label>
    <input
      className="u-full-width"
      name="fecha"
      onChange={[Function]}
      type="date"
      value=""
    />
    <label>
      Hora:
    </label>
    <input
      className="u-full-width"
      name="hora"
      onChange={[Function]}
      type="time"
      value=""
    />
    <label>
      Sintomas:
    </label>
    <textarea
      className="u-full-width"
      name="sintomas"
      onChange={[Function]}
      value=""
    />
    <button
      className="u-full-width button-primary"
      type="submit"
    >
      Agregar Cita.
    </button>
  </form>
</Fragment>
`;
